:r
Ok, three modules loaded.
*Main> :r
Ok, three modules loaded.
*Main> eval (Div (Num 4) (Num 2))

2
*Main> *Main> eval (Div (Num 4) (Num 0))

*** Exception: Divided by zero error
CallStack (from HasCallStack):
  error, called at /Users/mmsyed/Desktop/CIS352/hw5/eval1.hs:16:8 in main:Main
*Main> *Main> eval (Div (Num 0) (Num 2))

0
*Main> *Main> eval (Div (Num 4) (Num 4))

1
*Main> 
*Main> eval (Cond (Num 1) (Num 10) (Div (Num 1) (Num 0)))
10
*Main> eval (Cond (Num 0) (Div (Num 1) (Num 0)) (Num 20))
20
*Main> eval (Cond (Num 0) (Div (Num 1) (Num 0)) (Num 0))
0
*Main> eval (Cond (Num 1) (Div (Num 20) (Num 1)) (Num 2))
20
*Main> eval (Cond (Num 0) (Num 10) (Div (Num 1) (Num 5)))
0
*Main> eval (Cond (Num 3) (Num 0) (Div (Num 1) (Num 5)))
0
*Main> eval (Cond (Num 3) (Num 10) (Div (Num 1) (Num 5)))
10
*Main> eval (Cond (Num 0) (Num 10) (Div (Num 5) (Num 5)))
1
*Main> 